{
    "contraCheque": [
        {
            "idContraCheque": "mpsp/06/2019/1",
            "chaveColeta": "mpsp/06/2019",
            "nome": "FREDERICO AUGUSTO NEVES ARAUJO",
            "matricula": "207.0",
            "funcao": "PROMOTOR DE JUSTICA (ENTRANCIA FINAL)",
            "localTrabalho": "PROMOTORIA DE JUSTICA DE TAUBATE",
            "ativo": true,
            "remuneracoes": {
                "remuneracao": [
                    {
                        "categoria": "contracheque_2019_jul",
                        "item": "Remuneração do Cargo Efetivo",
                        "valor": 33689.1
                    },
                    {
                        "categoria": "contracheque_2019_jul",
                        "item": "Outras Verbas Remuneratórias, Legais ou Judiciais",
                        "tipoReceita": "O"
                    },
                    {
                        "categoria": "contracheque_2019_jul",
                        "item": "Função de Confiança ou Cargo em Comissão",
                        "tipoReceita": "O"
                    },
                    {
                        "categoria": "contracheque_2019_jul",
                        "item": "Gratificação Natalina (13º  sal.)",
                        "tipoReceita": "O"
                    },
                    {
                        "categoria": "contracheque_2019_jul",
                        "item": "Férias (1/3 constitucional)",
                        "tipoReceita": "O"
                    },
                    {
                        "categoria": "contracheque_2019_jul",
                        "item": "Abono de Permanência",
                        "tipoReceita": "O"
                    },
                    {
                        "natureza": "D",
                        "categoria": "contracheque_2019_jul",
                        "item": "Contribuição Previdenciária",
                        "valor": -3705.8
                    },
                    {
                        "natureza": "D",
                        "categoria": "contracheque_2019_jul",
                        "item": "Imposto de Renda",
                        "valor": -7376.04
                    },
                    {
                        "categoria": "contracheque_2019_jul",
                        "item": "Auxílio alimentação",
                        "valor": 920.0,
                        "tipoReceita": "O"
                    },
                    {
                        "categoria": "contracheque_2019_jul",
                        "item": "Férias em Pecúnia",
                        "tipoReceita": "O"
                    },
                    {
                        "categoria": "contracheque_2019_jul",
                        "item": "Licença Prêmio em Pecúnia",
                        "tipoReceita": "O"
                    },
                    {
                        "categoria": "contracheque_2019_jul",
                        "item": "Outras Remunerações Temporárias",
                        "tipoReceita": "O"
                    }
                ]
            }
        }
    ]
}