{
    "contraCheque": [
        {
            "idContraCheque": "mpsp/01/2018/1",
            "chaveColeta": "mpsp/01/2018",
            "nome": "ABNER CASTORINO",
            "matricula": "3725.0",
            "funcao": "PROMOTOR DE JUSTICA (ENTRANCIA FINAL)",
            "localTrabalho": "PROMOTORIA DE JUSTICA DE SAO BERNARDO DO CAMPO",
            "ativo": true,
            "remuneracoes": {
                "remuneracao": [
                    {
                        "categoria": "contracheque",
                        "item": "Remuneração do Cargo Efetivo",
                        "valor": 27500.17
                    },
                    {
                        "categoria": "contracheque",
                        "item": "Outras Verbas Remuneratórias, Legais ou Judiciais",
                        "tipoReceita": "O"
                    },
                    {
                        "categoria": "contracheque",
                        "item": "Função de Confiança ou Cargo em Comissão",
                        "tipoReceita": "O"
                    },
                    {
                        "categoria": "contracheque",
                        "item": "Gratificação Natalina (13º  sal.)",
                        "tipoReceita": "O"
                    },
                    {
                        "categoria": "contracheque",
                        "item": "Férias (1/3 constitucional)",
                        "tipoReceita": "O"
                    },
                    {
                        "categoria": "contracheque",
                        "item": "Abono de Permanência",
                        "tipoReceita": "O"
                    },
                    {
                        "natureza": "D",
                        "categoria": "contracheque",
                        "item": "Contribuição Previdenciária",
                        "valor": -3025.01
                    },
                    {
                        "natureza": "D",
                        "categoria": "contracheque",
                        "item": "Imposto de Renda",
                        "valor": -5861.3
                    },
                    {
                        "natureza": "D",
                        "categoria": "contracheque",
                        "item": "Retenção por Teto Constitucional"
                    },
                    {
                        "categoria": "contracheque",
                        "item": "Auxílio alimentação",
                        "valor": 900.0,
                        "tipoReceita": "O"
                    },
                    {
                        "categoria": "contracheque",
                        "item": "Auxílio Moradia",
                        "valor": 4377.73,
                        "tipoReceita": "O"
                    },
                    {
                        "categoria": "contracheque",
                        "item": "Férias em Pecúnia",
                        "tipoReceita": "O"
                    },
                    {
                        "categoria": "contracheque",
                        "item": "Outras Remunerações Temporárias",
                        "tipoReceita": "O"
                    }
                ]
            }
        }
    ]
}