{
    "contraCheque": [
        {
            "idContraCheque": "mpsp/06/2021/1",
            "chaveColeta": "mpsp/06/2021",
            "nome": "ABNER CASTORINO",
            "matricula": "3725",
            "funcao": "PROMOTOR DE JUSTICA (ENTRANCIA FINAL)",
            "localTrabalho": "PROMOTORIA DE JUSTICA DE SAO BERNARDO DO CAMPO",
            "ativo": true,
            "remuneracoes": {
                "remuneracao": [
                    {
                        "categoria": "contracheque_2019_jul_forward",
                        "item": "Remuneração do Cargo Efetivo",
                        "valor": 33689.1
                    },
                    {
                        "categoria": "contracheque_2019_jul_forward",
                        "item": "Outras Verbas Remuneratórias, Legais ou Judiciais",
                        "tipoReceita": "O"
                    },
                    {
                        "categoria": "contracheque_2019_jul_forward",
                        "item": "Função de Confiança ou Cargo em Comissão",
                        "tipoReceita": "O"
                    },
                    {
                        "categoria": "contracheque_2019_jul_forward",
                        "item": "Gratificação Natalina (13º  sal.)",
                        "tipoReceita": "O"
                    },
                    {
                        "categoria": "contracheque_2019_jul_forward",
                        "item": "Férias (1/3 constitucional)",
                        "tipoReceita": "O"
                    },
                    {
                        "categoria": "contracheque_2019_jul_forward",
                        "item": "Abono de Permanência",
                        "tipoReceita": "O"
                    },
                    {
                        "natureza": "D",
                        "categoria": "contracheque_2019_jul_forward",
                        "item": "Contribuição Previdenciária",
                        "valor": -5187.35
                    },
                    {
                        "natureza": "D",
                        "categoria": "contracheque_2019_jul_forward",
                        "item": "Imposto de Renda",
                        "valor": -6968.62
                    },
                    {
                        "natureza": "D",
                        "categoria": "contracheque_2019_jul_forward",
                        "item": "Retenção por Teto Constitucional"
                    },
                    {
                        "categoria": "indenizações_2021_jun_forward",
                        "item": "Auxílio Alimentação",
                        "valor": 960.0,
                        "tipoReceita": "O"
                    },
                    {
                        "categoria": "indenizações_2021_jun_forward",
                        "item": "Férias em pecúnia",
                        "valor": 7486.46,
                        "tipoReceita": "O"
                    },
                    {
                        "categoria": "indenizações_2021_jun_forward",
                        "item": "Licença Prêmio em Pecúnia",
                        "tipoReceita": "O"
                    },
                    {
                        "categoria": "indenizações_2021_jun_forward",
                        "item": "Assistncia Saúde",
                        "valor": 1010.67,
                        "tipoReceita": "O"
                    },
                    {
                        "categoria": "indenizações_2021_jun_forward",
                        "item": "Gratificação Cumulativa",
                        "tipoReceita": "O"
                    },
                    {
                        "categoria": "indenizações_2021_jun_forward",
                        "item": "Gratificação de Natureza Especial",
                        "tipoReceita": "O"
                    },
                    {
                        "categoria": "indenizações_2021_jun_forward",
                        "item": "Gratificação de Grupo de Atuação Especial",
                        "tipoReceita": "O"
                    }
                ]
            }
        }
    ]
}